../Drivers/BSP/OLED/OLED.c:98:6:OLED_WriteCommand	32	static
../Drivers/BSP/OLED/OLED.c:109:6:OLED_WriteData	32	static
../Drivers/BSP/OLED/OLED.c:137:6:OLED_Init	8	static
../Drivers/BSP/OLED/OLED.c:189:6:OLED_SetCursor	16	static
../Drivers/BSP/OLED/OLED.c:216:10:OLED_Pow	24	static
../Drivers/BSP/OLED/OLED.c:233:9:OLED_pnpoly	32	static
../Drivers/BSP/OLED/OLED.c:257:9:OLED_IsInAngle	32	static
../Drivers/BSP/OLED/OLED.c:294:6:OLED_Update	16	static
../Drivers/BSP/OLED/OLED.c:311:6:OLED_set	8	static
../Drivers/BSP/OLED/OLED.c:325:6:OLED_page	4	static
../Drivers/BSP/OLED/OLED.c:353:6:OLED_UpdateArea	32	static
../Drivers/BSP/OLED/OLED.c:387:6:OLED_Clear	16	static
../Drivers/BSP/OLED/OLED.c:408:6:OLED_ClearArea	24	static
../Drivers/BSP/OLED/OLED.c:424:6:OLED_DelayClearArea	24	static
../Drivers/BSP/OLED/OLED.c:439:6:OLED_Reverse	16	static
../Drivers/BSP/OLED/OLED.c:460:6:OLED_ReverseArea	24	static
../Drivers/BSP/OLED/OLED.c:487:6:OLED_ShowChar	32	static
../Drivers/BSP/OLED/OLED.c:539:6:OLED_ShowString	32	static
../Drivers/BSP/OLED/OLED.c:561:6:OLED_ShowNum	40	static
../Drivers/BSP/OLED/OLED.c:585:6:OLED_ShowSignedNum	40	static
../Drivers/BSP/OLED/OLED.c:622:6:OLED_ShowHexNum	32	static
../Drivers/BSP/OLED/OLED.c:657:6:OLED_ShowBinNum	40	static
../Drivers/BSP/OLED/OLED.c:682:6:OLED_ShowFloatNum	64	static
../Drivers/BSP/OLED/OLED.c:723:6:OLED_ShowChinese	32	static
../Drivers/BSP/OLED/OLED.c:767:6:OLED_ShowImage	32	static
../Drivers/BSP/OLED/OLED.c:821:6:OLED_Printf	284	static
../Drivers/BSP/OLED/OLED.c:838:6:OLED_DrawPoint	16	static
../Drivers/BSP/OLED/OLED.c:853:9:OLED_GetPoint	16	static
../Drivers/BSP/OLED/OLED.c:876:6:OLED_DrawLine	56	static
../Drivers/BSP/OLED/OLED.c:990:6:OLED_DrawRectangle	32	static
../Drivers/BSP/OLED/OLED.c:1037:6:OLED_DrawTriangle	64	static
../Drivers/BSP/OLED/OLED.c:1092:6:OLED_DrawCircle	32	static
../Drivers/BSP/OLED/OLED.c:1176:6:OLED_DrawEllipse	56	static
../Drivers/BSP/OLED/OLED.c:1289:6:OLED_DrawArc	32	static
